// Jest Snapshot v1, https://goo.gl/fbAQLP

exports[`Stack should render component matching snapshot 1`] = `
<View
  style={
    Object {
      "padding": 10,
    }
  }
>
  <Text>
    Hello
  </Text>
  <View
    style={
      Object {
        "minHeight": 20,
        "minWidth": 20,
      }
    }
  />
  <Text>
    World
  </Text>
</View>
`;
